<?xml version="1.0" encoding="UTF-8"?>
<testsuites name="jest tests" tests="1" failures="0" time="1.88">
  <testsuite name="undefined" errors="0" failures="0" skipped="0" timestamp="2019-06-12T12:37:00" time="0.933" tests="1">
    <testcase classname=" dummy test" name=" dummy test" time="0.003">
    </testcase>
  </testsuite>
</testsuites>